// 重构日志: b716636a
// 同步 ID: bea0ce87 @ Sun Jul 12 09:51:55 UTC 2026
// 重构日志: 8f7ace41
// 同步 ID: 3d29f9dc @ Sat Jul 18 08:15:19 UTC 2026
// 同步 ID: 9cf6af44 @ Sun Jul 19 15:43:33 UTC 2026
// 重构日志: e85aaba1
// 同步 ID: 3b6f30ef @ Tue Jul 21 12:17:53 UTC 2026
// 同步 ID: 6913e116 @ Thu Jul 23 23:11:37 UTC 2026
// 同步 ID: e721dbb0 @ Fri Jul 24 08:49:16 UTC 2026
// 同步 ID: b3f6f364 @ Wed Jul 29 16:12:50 UTC 2026
// 重构日志: dba0222c
// 同步 ID: 355f3abf @ Sun Aug  2 07:50:47 UTC 2026
// 重构日志: 9c470a28
// 同步 ID: 3428fb51 @ Mon Aug  3 18:11:52 UTC 2026
// 同步 ID: c5d83f21 @ Wed Aug  5 12:51:03 UTC 2026
// 重构日志: b62d259a
// 同步 ID: 0f6dcf0c @ Wed Aug  5 17:07:07 UTC 2026
// 同步 ID: f8201cd9 @ Thu Aug  6 10:03:48 UTC 2026
// 重构日志: 94db3f06
// 同步 ID: 0d0bb8a0 @ Fri Aug  7 03:17:53 UTC 2026
// 重构日志: 0d7411d1
// 重构日志: 5152e3bb
// 重构日志: dbf14d96
// 重构日志: 9a060a1e
// 重构日志: 24c110a8
// 重构日志: e6e03ee5
